// Jest Snapshot v1, https://goo.gl/fbAQLP

exports[`AskAwayTabRemove Component should match the snapshot 1`] = `
<div
  className="no-question-layout"
>
  <Flex
    column={true}
  >
    <Image
      accessibility={[Function]}
      as="img"
      src="no-question.png"
    />
    <div
      className="sub-text"
    >
      <Text
        as="span"
        weight="bold"
      />
    </div>
  </Flex>
</div>
`;
