// Jest Snapshot v1, https://goo.gl/fbAQLP

exports[`TabCreateSession Component should match the snapshot 1`] = `
<Flex
  className="screen"
  hAlign="center"
  vAlign="center"
>
  <Image
    accessibility={[Function]}
    alt="image"
    as="img"
    className="create-session"
    src="collaboration.png"
  />
  <FlexItem
    align="center"
  >
    <Text
      as="span"
      className="text-caption"
    />
  </FlexItem>
  <FlexItem
    align="center"
  >
    <Text
      as="span"
      className="text-subcaption"
    />
  </FlexItem>
  <FlexItem
    align="center"
  >
    <Button
      accessibility={[Function]}
      as="button"
      className="button"
      onClick={[Function]}
      primary={true}
      size="medium"
    >
      <ButtonContent
        as="span"
      />
    </Button>
  </FlexItem>
</Flex>
`;
