// Jest Snapshot v1, https://goo.gl/fbAQLP

exports[`Create session should match the snapshot 1`] = `
<Provider
  theme={Object {}}
>
  <div
    style={
      Object {
        "padding": "1rem 2rem",
      }
    }
  >
    <Flex
      column={true}
    >
      <Form
        as="form"
        className="sidepanel-form"
        onSubmit={[Function]}
        styles={
          Object {
            "display": "flex",
            "flexDirection": "column",
          }
        }
      >
        <div
          className="form-grid"
        >
          <Text
            as="span"
            content="Title Name*"
            size="small"
          />
          <Input
            accessibility={[Function]}
            as="div"
            errorIndicator={<ExclamationCircleIcon />}
            fluid={true}
            iconPosition="end"
            label=""
            onChange={[Function]}
            onKeyUp={[Function]}
            placeholder="Type a name"
            styles={
              Object {
                "color": "#c8c6c4",
              }
            }
            successIndicator={<PresenceAvailableIcon />}
            type="text"
            wrapper={Object {}}
          />
        </div>
        <div
          className="form-grid"
        >
          <Text
            as="span"
            content="Description*"
            size="small"
          />
          <TextArea
            accessibility={[Function]}
            as="textarea"
            fluid={true}
            onChange={[Function]}
            onKeyUp={[Function]}
            placeholder="Type a description"
            styles={
              Object {
                "marginTop": "0.25rem",
              }
            }
          />
        </div>
        <div
          className="form-grid"
        >
          <Flex>
            <FlexItem
              push={true}
            >
              <Button
                accessibility={[Function]}
                as="button"
                className="btn-create-session"
                primary={true}
                size="small"
                type="submit"
              >
                <ButtonContent
                  as="span"
                >
                  Create
                </ButtonContent>
              </Button>
            </FlexItem>
          </Flex>
        </div>
      </Form>
    </Flex>
  </div>
</Provider>
`;
