// Jest Snapshot v1, https://goo.gl/fbAQLP

exports[`QnaSessionNotificationInternal Component should match the snapshot 1`] = `
<Flex
  column={true}
>
  <Text
    as="span"
    content="popups.notificationTitle"
  />
  <div
    className="notification-title"
  >
    <Text
      as="span"
      content="some-value"
      weight="bold"
    />
  </div>
  <Flex
    gap="gap.large"
    vAlign="center"
  >
    <Text
      as="span"
      content="popups.notificationMessage"
    />
    <Button
      accessibility={[Function]}
      as="button"
      onClick={[Function]}
      primary={true}
      size="small"
      type="submit"
    >
      <ButtonContent
        as="span"
      >
        popups.notificationButton
      </ButtonContent>
    </Button>
  </Flex>
</Flex>
`;
