// Jest Snapshot v1, https://goo.gl/fbAQLP

exports[`TabContent Component should match the snapshot 1`] = `
<div
  className="tab-content"
>
  <TabHeader
    activeSessionData={
      Object {
        "answeredQuestions": Array [],
        "dateTimeCreated": 2021-02-03T04:32:35.789Z,
        "hostUser": Object {
          "id": "",
          "name": "",
        },
        "isActive": false,
        "sessionId": "",
        "title": "",
        "unansweredQuestions": Array [],
      }
    }
    endSession={[Function]}
    refreshSession={[Function]}
    showTaskModule={[Function]}
    t={[MockFunction]}
  />
  <TabCreateSession
    showTaskModule={[Function]}
    t={[MockFunction]}
  />
</div>
`;
